      Step     Time          Energy          fmax
BFGS:    0 12:38:49   -36777.733130       20.012186
BFGS:    1 12:38:58   -36777.978363       15.205671
BFGS:    2 12:39:06   -36780.366321        7.147388
BFGS:    3 12:39:15   -36781.102534        3.809447
BFGS:    4 12:39:22   -36781.314960        0.849261
BFGS:    5 12:39:31   -36781.358811        0.562024
BFGS:    6 12:39:39   -36781.404162        0.564708
BFGS:    7 12:39:47   -36781.436613        0.558357
BFGS:    8 12:39:56   -36781.459936        0.410299
BFGS:    9 12:40:04   -36781.467371        0.217624
BFGS:   10 12:40:12   -36781.470932        0.150676
BFGS:   11 12:40:20   -36781.474366        0.203363
BFGS:   12 12:40:28   -36781.479072        0.243549
BFGS:   13 12:40:36   -36781.483407        0.195264
BFGS:   14 12:40:44   -36781.487056        0.157510
BFGS:   15 12:40:52   -36781.489727        0.143765
BFGS:   16 12:41:00   -36781.491473        0.120470
BFGS:   17 12:41:08   -36781.492402        0.106354
BFGS:   18 12:41:17   -36781.492862        0.097334
BFGS:   19 12:41:25   -36781.493286        0.108813
BFGS:   20 12:41:33   -36781.493793        0.088089
BFGS:   21 12:41:41   -36781.494193        0.049940
BFGS:   22 12:41:50   -36781.494241        0.048533
BFGS:   23 12:41:59   -36781.494256        0.026420
BFGS:   24 12:42:07   -36781.494280        0.013029
BFGS:   25 12:42:15   -36781.494317        0.014767
BFGS:   26 12:42:23   -36781.494354        0.020396
BFGS:   27 12:42:31   -36781.494415        0.034639
BFGS:   28 12:42:41   -36781.494494        0.049866
BFGS:   29 12:42:50   -36781.494586        0.062251
BFGS:   30 12:42:58   -36781.494673        0.069216
BFGS:   31 12:43:06   -36781.494755        0.070631
BFGS:   32 12:43:14   -36781.494824        0.058256
BFGS:   33 12:43:21   -36781.494831        0.045285
BFGS:   34 12:43:30   -36781.494853        0.035272
BFGS:   35 12:43:38   -36781.494937        0.030070
BFGS:   36 12:43:46   -36781.495063        0.015880
BFGS:   37 12:43:54   -36781.495176        0.007879
