      Step     Time          Energy          fmax
BFGS:    0 12:44:03   -36776.790392       20.154603
BFGS:    1 12:44:12   -36779.216589       13.484913
BFGS:    2 12:44:21   -36780.833212        5.529609
BFGS:    3 12:44:30   -36781.137035        3.216450
BFGS:    4 12:44:41   -36781.276216        1.169595
BFGS:    5 12:44:50   -36781.339192        1.315760
BFGS:    6 12:44:59   -36781.407454        0.942356
BFGS:    7 12:45:09   -36781.438315        0.712008
BFGS:    8 12:45:18   -36781.450818        0.549875
BFGS:    9 12:45:28   -36781.461265        0.296355
BFGS:   10 12:45:38   -36781.468347        0.249323
BFGS:   11 12:45:48   -36781.473946        0.239837
BFGS:   12 12:45:57   -36781.477391        0.207473
BFGS:   13 12:46:06   -36781.480024        0.163474
BFGS:   14 12:46:15   -36781.483414        0.214123
BFGS:   15 12:46:24   -36781.487757        0.290295
BFGS:   16 12:46:36   -36781.491039        0.214999
BFGS:   17 12:46:45   -36781.492261        0.082921
BFGS:   18 12:46:54   -36781.492815        0.072361
BFGS:   19 12:47:03   -36781.493285        0.079172
BFGS:   20 12:47:13   -36781.493745        0.103715
BFGS:   21 12:47:22   -36781.493992        0.074170
BFGS:   22 12:47:31   -36781.494019        0.036960
BFGS:   23 12:47:40   -36781.494009        0.023786
BFGS:   24 12:47:49   -36781.494018        0.021072
BFGS:   25 12:47:58   -36781.494041        0.016439
BFGS:   26 12:48:08   -36781.494073        0.024959
BFGS:   27 12:48:17   -36781.494125        0.033689
BFGS:   28 12:48:27   -36781.494207        0.043731
BFGS:   29 12:48:36   -36781.494358        0.073805
BFGS:   30 12:48:46   -36781.494598        0.105111
BFGS:   31 12:48:55   -36781.494936        0.111831
BFGS:   32 12:49:04   -36781.495280        0.079320
BFGS:   33 12:49:13   -36781.495354        0.044057
BFGS:   34 12:49:23   -36781.495219        0.035753
BFGS:   35 12:49:32   -36781.495124        0.028952
BFGS:   36 12:49:40   -36781.495085        0.019961
BFGS:   37 12:49:50   -36781.495112        0.018514
BFGS:   38 12:49:59   -36781.495155        0.014819
BFGS:   39 12:50:08   -36781.495195        0.009920
