      Step     Time          Energy          fmax
BFGS:    0 12:50:13    -7190.207517        5.292755
BFGS:    1 12:50:18    -7190.945095        4.084305
BFGS:    2 12:50:22    -7191.180353        2.336452
BFGS:    3 12:50:27    -7191.084537        4.993971
BFGS:    4 12:50:33    -7191.303047        0.305837
BFGS:    5 12:50:38    -7191.309722        0.187133
BFGS:    6 12:50:43    -7191.316423        0.196740
BFGS:    7 12:50:48    -7191.320224        0.189641
BFGS:    8 12:50:53    -7191.322949        0.110418
BFGS:    9 12:50:58    -7191.323743        0.061901
BFGS:   10 12:51:03    -7191.323968        0.149099
BFGS:   11 12:51:08    -7191.324344        0.084461
BFGS:   12 12:51:13    -7191.324705        0.063144
BFGS:   13 12:51:20    -7191.325333        0.035982
BFGS:   14 12:51:26    -7191.325475        0.036148
BFGS:   15 12:51:32    -7191.326025        0.047389
BFGS:   16 12:51:38    -7191.326487        0.042695
BFGS:   17 12:51:43    -7191.326834        0.028458
BFGS:   18 12:51:49    -7191.326932        0.021822
BFGS:   19 12:51:54    -7191.326963        0.016174
BFGS:   20 12:51:58    -7191.327008        0.016526
BFGS:   21 12:52:03    -7191.327070        0.024831
BFGS:   22 12:52:07    -7191.327145        0.036018
BFGS:   23 12:52:12    -7191.327242        0.041191
BFGS:   24 12:52:21    -7191.327391        0.045259
BFGS:   25 12:52:26    -7191.327635        0.051695
BFGS:   26 12:52:31    -7191.327984        0.054026
BFGS:   27 12:52:36    -7191.328330        0.039204
BFGS:   28 12:52:42    -7191.328564        0.036529
BFGS:   29 12:52:51    -7191.328715        0.032296
BFGS:   30 12:52:58    -7191.328867        0.038366
BFGS:   31 12:53:03    -7191.329095        0.053811
BFGS:   32 12:53:12    -7191.329305        0.054972
BFGS:   33 12:53:18    -7191.329428        0.035493
BFGS:   34 12:53:24    -7191.329475        0.024955
BFGS:   35 12:53:30    -7191.329503        0.018087
BFGS:   36 12:53:36    -7191.329515        0.011134
BFGS:   37 12:53:42    -7191.329511        0.006908
